#-----------------------------------------------------------
# Vivado v2019.1 (64-bit)
# SW Build 2552052 on Fri May 24 14:49:42 MDT 2019
# IP Build 2548770 on Fri May 24 18:01:18 MDT 2019
# Start of session at: Mon Apr 27 19:39:33 2020
# Process ID: 14588
# Current directory: C:/Users/Lucifer.dark/Desktop/Lab01
# Command line: vivado.exe -gui_launcher_event rodinguilauncherevent16412 C:\Users\Lucifer.dark\Desktop\Lab01\Lab01.xpr
# Log file: C:/Users/Lucifer.dark/Desktop/Lab01/vivado.log
# Journal file: C:/Users/Lucifer.dark/Desktop/Lab01\vivado.jou
#-----------------------------------------------------------
start_gui
open_project C:/Users/Lucifer.dark/Desktop/Lab01/Lab01.xpr
update_compile_order -fileset sources_1
# Disabling source management mode.  This is to allow the top design properties to be set without GUI intervention.
set_property source_mgmt_mode None [current_project]
set_property top alu_test [get_filesets sim_1]
set_property top_lib xil_defaultlib [get_filesets sim_1]
# Re-enabling previously disabled source management mode.
set_property source_mgmt_mode All [current_project]
update_compile_order -fileset sim_1
launch_simulation
source alu_test.tcl
# Disabling source management mode.  This is to allow the top design properties to be set without GUI intervention.
set_property source_mgmt_mode None [current_project]
set_property top sort_test [get_filesets sim_1]
set_property top_lib xil_defaultlib [get_filesets sim_1]
# Re-enabling previously disabled source management mode.
set_property source_mgmt_mode All [current_project]
launch_simulation
update_compile_order -fileset sim_1
close_sim
